// Jest Snapshot v1, https://goo.gl/fbAQLP

exports[`withVideo is rendered correctly 1`] = `
<div>
  <video
    autoPlay={true}
    height="175"
    muted={true}
    poster="http://placehold.it/280x175"
    width="280"
  />
</div>
`;
