// Jest Snapshot v1, https://goo.gl/fbAQLP

exports[`Render Tabs 1`] = `
Array [
  <div
    className="movie-rating"
  >
    <div
      className="movie-rating__score"
    >
      1.0
    </div>
    <p
      className="movie-rating__meta"
    >
      <span
        className="movie-rating__level"
      >
        Bad
      </span>
      <span
        className="movie-rating__count"
      >
        1982
         ratings
      </span>
    </p>
  </div>,
  <div
    className="movie-card__text"
  >
    <p>
      qwerty
    </p>
    <p
      className="movie-card__director"
    >
      <strong>
        Director: 
        Taika Di Caprio
      </strong>
    </p>
    <p
      className="movie-card__starring"
    >
      <strong>
        Starring: 
        Ashley Cooper
         and other
      </strong>
    </p>
  </div>,
]
`;
