// Jest Snapshot v1, https://goo.gl/fbAQLP

exports[`Render withReviewValidation 1`] = `<div />`;
