// Jest Snapshot v1, https://goo.gl/fbAQLP

exports[`Render HeaderFilm 1`] = `
<div
  className="movie-card__desc"
>
  <h2
    className="movie-card__title"
  >
    Whispering Mist
  </h2>
  <p
    className="movie-card__meta"
  >
    <span
      className="movie-card__genre"
    >
      Comedy
    </span>
    <span
      className="movie-card__year"
    >
      1995
    </span>
  </p>
  <div
    className="movie-card__buttons"
  >
    <a
      className="btn btn--play movie-card__button"
      href="/player/0"
      onClick={[Function]}
      type="button"
    >
      <svg
        height={19}
        viewBox="0 0 19 19"
        width={19}
      >
        <use
          xlinkHref="#play-s"
        />
      </svg>
      <span>
        Play
      </span>
    </a>
    <button
      className="btn btn--list movie-card__button"
      type="button"
    >
      <svg
        height={20}
        viewBox="0 0 19 20"
        width={19}
      >
        <use
          xlinkHref="#add"
        />
      </svg>
      <span>
        My list
      </span>
    </button>
    
  </div>
</div>
`;
